k77_14547	gi|2299269560|gb|CP102255.1|	169435	N/A	N/A	N/A	99.889	903	903	3563916	1	0	0	1	903	3186076	3185174	Anaerotruncus colihominis strain DSM 17241 chromosome, complete genome	0.0	1663	100	100
k77_218205	gi|2051147332|tpg|BK015861.1|	2827560	N/A	N/A	N/A	98.994	895	895	77943	9	0	0	1	895	37199	38093	MAG TPA_asm: Siphoviridae sp. ct3o911, partial genome	0.0	1604	100	100
k77_256997	gi|1685642820|gb|CP040902.1|	2584943	N/A	N/A	N/A	98.868	265	271	2918948	3	0	0	1	265	2704410	2704146	Longibaculum sp. KGMB06250 chromosome, complete genome	5.27e-129	473	98	98
k77_145470	gi|259110965|gb|GQ880035.1|	155900	N/A	N/A	N/A	97.248	218	218	792	6	0	0	1	218	223	440	Uncultured organism clone VC1CD79TF genomic sequence	5.52e-98	370	100	100
k77_101829	gi|1721134215|emb|LR699017.1|	853	N/A	N/A	N/A	98.127	267	267	2833887	5	0	0	1	267	1743466	1743732	Faecalibacterium prausnitzii isolate MGYG-HGUT-02545 genome assembly, chromosome: 1	8.67e-127	466	100100
