U	k77_14547	unclassified (taxid 0)	903	0:693 93064:1 0:21 1224164:4 0:150
U	k77_218205	unclassified (taxid 0)	895	0:861
U	k77_106678	unclassified (taxid 0)	232	0:15 697329:4 0:179
U	k77_213356	unclassified (taxid 0)	236	0:202
U	k77_227903	unclassified (taxid 0)	301	0:267
U	k77_19396	unclassified (taxid 0)	973	0:939
C	k77_256997	Longibaculum sp. KGMB06250 (taxid 2584943)	271	1982626:2 128827:47 1982626:7 128827:5 1982626:4 0:5 1982626:5 0:6 2584943:36 128827:4 2584943:103 0:13
C	k77_145470	Faecalibacterium prausnitzii (taxid 853)	218	853:30 0:10 853:2 0:18 853:5 0:2 853:31 0:12 853:32 186802:1 853:5 0:1 853:35
U	k77_33944	unclassified (taxid 0)	281	0:247
C	k77_101829	Faecalibacterium prausnitzii (taxid 853)	267	0:6 853:9 0:66 853:2 0:16 853:14 0:29 853:91

